// Jest Snapshot v1, https://goo.gl/fbAQLP

exports[`matches snapshot 1`] = `
<DocumentFragment>
  <div
    class="App"
  >
    <div>
      <h3>
        Todo
      </h3>
      <form
        style="padding: 20px;"
      >
        <label
          for="item"
        >
          Item
        </label>
        <input
          id="item"
          name="item"
          type="text"
          value=""
        />
        <button>
          Add Item
        </button>
      </form>
      <ul />
    </div>
  </div>
</DocumentFragment>
`;
